==========================================
SLURM_CLUSTER_NAME = paramrudra
SLURM_ARRAY_JOB_ID = 
SLURM_ARRAY_TASK_ID = 
SLURM_ARRAY_TASK_COUNT = 
SLURM_ARRAY_TASK_MAX = 
SLURM_ARRAY_TASK_MIN = 
SLURM_JOB_ACCOUNT = iitk
SLURM_JOB_ID = 18306
SLURM_JOB_NAME = iso_run
SLURM_JOB_NODELIST = rdcn[32-33]
SLURM_JOB_USER = iitk_22
SLURM_JOB_UID = 55323
SLURM_JOB_PARTITION = cpu
SLURM_TASK_PID = 1191002
SLURM_SUBMIT_DIR = /home/iitk_22/Group22
SLURM_CPUS_ON_NODE = 48
SLURM_NTASKS = 96
SLURM_TASK_PID = 1191002
==========================================
===== MPI Runs Started =====

-------------------------------------------
Running: Run=1 P=32 N=120 px=4 py=4 pz=2
311071 312561 
79123 80927 
25938 26272 
13459 13395 
10807 10864 
1.611055

-------------------------------------------
Running: Run=2 P=32 N=120 px=4 py=4 pz=2
311071 312561 
79123 80927 
25938 26272 
13459 13395 
10807 10864 
1.613217

-------------------------------------------
Running: Run=3 P=32 N=120 px=4 py=4 pz=2
311071 312561 
79123 80927 
25938 26272 
13459 13395 
10807 10864 
1.619424

-------------------------------------------
Running: Run=4 P=32 N=120 px=4 py=4 pz=2
311071 312561 
79123 80927 
25938 26272 
13459 13395 
10807 10864 
1.721041

-------------------------------------------
Running: Run=5 P=32 N=120 px=4 py=4 pz=2
311071 312561 
79123 80927 
25938 26272 
13459 13395 
10807 10864 
1.610399

-------------------------------------------
Running: Run=1 P=48 N=120 px=6 py=4 pz=2
316561 318051 
84613 86417 
31428 31762 
18949 18885 
16297 16354 
1.842017

-------------------------------------------
Running: Run=2 P=48 N=120 px=6 py=4 pz=2
316561 318051 
84613 86417 
31428 31762 
18949 18885 
16297 16354 
1.833142

-------------------------------------------
Running: Run=3 P=48 N=120 px=6 py=4 pz=2
316561 318051 
84613 86417 
31428 31762 
18949 18885 
16297 16354 
1.841732

-------------------------------------------
Running: Run=4 P=48 N=120 px=6 py=4 pz=2
316561 318051 
84613 86417 
31428 31762 
18949 18885 
16297 16354 
1.837319

-------------------------------------------
Running: Run=5 P=48 N=120 px=6 py=4 pz=2
316561 318051 
84613 86417 
31428 31762 
18949 18885 
16297 16354 
1.849017

-------------------------------------------
Running: Run=1 P=64 N=120 px=4 py=4 pz=4
321770 323292 
90133 91942 
37018 37381 
24578 24485 
21988 22044 
1.867308

-------------------------------------------
Running: Run=2 P=64 N=120 px=4 py=4 pz=4
321770 323292 
90133 91942 
37018 37381 
24578 24485 
21988 22044 
1.850209

-------------------------------------------
Running: Run=3 P=64 N=120 px=4 py=4 pz=4
321770 323292 
90133 91942 
37018 37381 
24578 24485 
21988 22044 
1.882260

-------------------------------------------
Running: Run=4 P=64 N=120 px=4 py=4 pz=4
321770 323292 
90133 91942 
37018 37381 
24578 24485 
21988 22044 
1.864568

-------------------------------------------
Running: Run=5 P=64 N=120 px=4 py=4 pz=4
321770 323292 
90133 91942 
37018 37381 
24578 24485 
21988 22044 
1.864901

-------------------------------------------
Running: Run=1 P=96 N=120 px=6 py=4 pz=4
332988 334510 
101351 103160 
48236 48599 
35796 35703 
33206 33262 
1.997802

-------------------------------------------
Running: Run=2 P=96 N=120 px=6 py=4 pz=4
332988 334510 
101351 103160 
48236 48599 
35796 35703 
33206 33262 
1.984543

-------------------------------------------
Running: Run=3 P=96 N=120 px=6 py=4 pz=4
332988 334510 
101351 103160 
48236 48599 
35796 35703 
33206 33262 
1.864906

-------------------------------------------
Running: Run=4 P=96 N=120 px=6 py=4 pz=4
332988 334510 
101351 103160 
48236 48599 
35796 35703 
33206 33262 
1.880004

-------------------------------------------
Running: Run=5 P=96 N=120 px=6 py=4 pz=4
332988 334510 
101351 103160 
48236 48599 
35796 35703 
33206 33262 
1.861877

-------------------------------------------
Running: Run=1 P=32 N=240 px=4 py=4 pz=2
28941671 28928579 
13444249 13430981 
8455916 8452880 
5892788 5889362 
4527841 4520127 
13.416915

-------------------------------------------
Running: Run=2 P=32 N=240 px=4 py=4 pz=2
28941671 28928579 
13444249 13430981 
8455916 8452880 
5892788 5889362 
4527841 4520127 
13.319443

-------------------------------------------
Running: Run=3 P=32 N=240 px=4 py=4 pz=2
28941671 28928579 
13444249 13430981 
8455916 8452880 
5892788 5889362 
4527841 4520127 
13.424794

-------------------------------------------
Running: Run=4 P=32 N=240 px=4 py=4 pz=2
28941671 28928579 
13444249 13430981 
8455916 8452880 
5892788 5889362 
4527841 4520127 
13.355635

-------------------------------------------
Running: Run=5 P=32 N=240 px=4 py=4 pz=2
28941671 28928579 
13444249 13430981 
8455916 8452880 
5892788 5889362 
4527841 4520127 
14.751600

-------------------------------------------
Running: Run=1 P=48 N=240 px=6 py=4 pz=2
28953167 28939933 
13455259 13441991 
8466926 8463890 
5903798 5900372 
4538851 4531137 
15.436508

-------------------------------------------
Running: Run=2 P=48 N=240 px=6 py=4 pz=2
28953167 28939933 
13455259 13441991 
8466926 8463890 
5903798 5900372 
4538851 4531137 
15.218846

-------------------------------------------
Running: Run=3 P=48 N=240 px=6 py=4 pz=2
28953167 28939933 
13455259 13441991 
8466926 8463890 
5903798 5900372 
4538851 4531137 
15.270475

-------------------------------------------
Running: Run=4 P=48 N=240 px=6 py=4 pz=2
28953167 28939933 
13455259 13441991 
8466926 8463890 
5903798 5900372 
4538851 4531137 
15.167891

-------------------------------------------
Running: Run=5 P=48 N=240 px=6 py=4 pz=2
28953167 28939933 
13455259 13441991 
8466926 8463890 
5903798 5900372 
4538851 4531137 
15.194585

-------------------------------------------
Running: Run=1 P=64 N=240 px=4 py=4 pz=4
29044774 29032300 
13500704 13489279 
8566599 8564582 
5971986 5971447 
4632264 4625434 
16.403254

-------------------------------------------
Running: Run=2 P=64 N=240 px=4 py=4 pz=4
29044774 29032300 
13500704 13489279 
8566599 8564582 
5971986 5971447 
4632264 4625434 
15.301900

-------------------------------------------
Running: Run=3 P=64 N=240 px=4 py=4 pz=4
29044774 29032300 
13500704 13489279 
8566599 8564582 
5971986 5971447 
4632264 4625434 
15.482065

-------------------------------------------
Running: Run=4 P=64 N=240 px=4 py=4 pz=4
29044774 29032300 
13500704 13489279 
8566599 8564582 
5971986 5971447 
4632264 4625434 
15.468757

-------------------------------------------
Running: Run=5 P=64 N=240 px=4 py=4 pz=4
29044774 29032300 
13500704 13489279 
8566599 8564582 
5971986 5971447 
4632264 4625434 
15.435445

-------------------------------------------
Running: Run=1 P=96 N=240 px=6 py=4 pz=4
29067272 29054798 
13523202 13511777 
8589097 8587080 
5994484 5993945 
4654762 4647932 
15.417060

-------------------------------------------
Running: Run=2 P=96 N=240 px=6 py=4 pz=4
29067272 29054798 
13523202 13511777 
8589097 8587080 
5994484 5993945 
4654762 4647932 
15.338489

-------------------------------------------
Running: Run=3 P=96 N=240 px=6 py=4 pz=4
29067272 29054798 
13523202 13511777 
8589097 8587080 
5994484 5993945 
4654762 4647932 
16.421851

-------------------------------------------
Running: Run=4 P=96 N=240 px=6 py=4 pz=4
29067272 29054798 
13523202 13511777 
8589097 8587080 
5994484 5993945 
4654762 4647932 
16.558301

-------------------------------------------
Running: Run=5 P=96 N=240 px=6 py=4 pz=4
29067272 29054798 
13523202 13511777 
8589097 8587080 
5994484 5993945 
4654762 4647932 
16.376554

===== All MPI Runs Completed =====

Timing data written to: job_output_files/timing.txt
