==========================================
SLURM_CLUSTER_NAME = paramrudra
SLURM_ARRAY_JOB_ID = 
SLURM_ARRAY_TASK_ID = 
SLURM_ARRAY_TASK_COUNT = 
SLURM_ARRAY_TASK_MAX = 
SLURM_ARRAY_TASK_MIN = 
SLURM_JOB_ACCOUNT = iitk
SLURM_JOB_ID = 2851
SLURM_JOB_NAME = g22_main_run_P8
SLURM_JOB_NODELIST = rdcn23
SLURM_JOB_USER = iitk_22
SLURM_JOB_UID = 55323
SLURM_JOB_PARTITION = cpu
SLURM_TASK_PID = 1256878
SLURM_SUBMIT_DIR = /home/iitk_22/Group22
SLURM_CPUS_ON_NODE = 8
SLURM_NTASKS = 8
SLURM_TASK_PID = 1256878
==========================================
Run=1 | P=8 | M=262144 | D1=2 | D2=4 | T=10 | seed=1000
Run=1 | P=8 | M=1048576 | D1=2 | D2=4 | T=10 | seed=1000
Run=2 | P=8 | M=262144 | D1=2 | D2=4 | T=10 | seed=1000
Run=2 | P=8 | M=1048576 | D1=2 | D2=4 | T=10 | seed=1000
Run=3 | P=8 | M=262144 | D1=2 | D2=4 | T=10 | seed=1000
Run=3 | P=8 | M=1048576 | D1=2 | D2=4 | T=10 | seed=1000
Run=4 | P=8 | M=262144 | D1=2 | D2=4 | T=10 | seed=1000
Run=4 | P=8 | M=1048576 | D1=2 | D2=4 | T=10 | seed=1000
Run=5 | P=8 | M=262144 | D1=2 | D2=4 | T=10 | seed=1000
Run=5 | P=8 | M=1048576 | D1=2 | D2=4 | T=10 | seed=1000